[33mÔØ»[39m Building...
[32mÔ£ö[39m Building...
[1mInitial chunk files[22m  [2m | [22m[1mNames[22m        [2m | [22m [1mRaw size[22m[2m | [22m[1mEstimated transfer size[22m
[32mmain-K4ITDHJO.js[39m     [2m | [22m[2mmain[22m         [2m | [22m[36m379.11 kB[39m[2m | [22m               [36m90.04 kB[39m
[32mpolyfills-B6TNHZQ6.js[39m[2m | [22m[2mpolyfills[22m    [2m | [22m [36m34.58 kB[39m[2m | [22m               [36m11.32 kB[39m
[32mstyles-X3FIMB43.css[39m  [2m | [22m[2mstyles[22m       [2m | [22m  [36m2.80 kB[39m[2m | [22m              [36m878 bytes[39m

[1m [22m                    [2m | [22m[1mInitial total[22m[2m | [22m[1m416.49 kB[22m[2m | [22m              [1m102.24 kB[22m

Application bundle generation failed. [5.350 seconds]

node.exe : [1m[33m[33mÔû▓ 
[43;33m[[43;30mWARNING[43;33m][0m 
[1msrc/app/components/admin/lessons/les
sons.component.css exceeded maximum 
budget. Budget 4.00 kB was not met by 
995 bytes with a total of 5.00 kB.[0m
Au caractère C:\Program 
Files\nodejs\npx.ps1:29 : 3
+   & $NODE_EXE $NPX_CLI_JS $args
+   ~~~~~~~~~~~~~~~~~~~~~~~~~~~~~
    + CategoryInfo          : NotSpeci 
   fied: ([1m[33m[33mÔ...of 5.00 k  
  B.[0m:String) [], RemoteException
    + FullyQualifiedErrorId : NativeCo 
   mmandError
 


[33mÔû▓ 
[43;33m[[43;30mWARNING[43;33m][0m 
[1msrc/app/components/admin/manage-puzz
les/manage-puzzles.component.css 
exceeded maximum budget. Budget 4.00 
kB was not met by 6.35 kB with a total 
of 10.35 kB.[0m

[39m[22m
[1m[31m[31mX 
[41;31m[[41;97mERROR[41;31m][0m [1
msrc/app/components/admin/manage-puzzle
s/manage-puzzles.component.css 
exceeded maximum budget. Budget 8.00 
kB was not met by 2.35 kB with a total 
of 10.35 kB.[0m

[39m[22m
